=== node: c621-071.vista.tacc.utexas.edu start: Thu Oct  1 10:19:02 PM CDT 2026 ===
== microsoft/Phi-3-medium-128k-instruct  rev a088b37c71d441ab6d862bb3fcfe6165b3014702  greedy build 18  parity cfgs [22, 4, 8, 11, 18, 23, 31, 33, 34, 38]
  cfg  22: primary 4/4  all 259/259  isolated 3/4
  cfg   4: primary 4/4  all 259/259  isolated 1/4
  cfg   8: primary 4/4  all 259/259  isolated 2/4
  cfg  11: primary 4/4  all 259/259  isolated 3/4
  cfg  18: primary 4/4  all 259/259  isolated 3/4
  cfg  23: primary 4/4  all 259/259  isolated 4/4
  cfg  31: primary 4/4  all 259/259  isolated 3/4
  cfg  33: primary 4/4  all 259/259  isolated 3/4
  cfg  34: primary 4/4  all 259/259  isolated 2/4
  cfg  38: primary 4/4  all 259/259  isolated 4/4
  parity primary 1.000 (n=40), all259 1.000, isolated 0.700; census {'n_prompts': 32375, 'max': 1024, 'p50': 61.0, 'p99': 945.0, 'n_gt_2047': 0, 'n_plus200_gt_2047': 0, 'n_gt_4096': 0, 'n_batches': 625, 'n_batches_max_gt_4096': 0, 'n_batches_max_plus200_gt_4096': 0}
== microsoft/Phi-3-medium-4k-instruct  rev 48d87cd5e0523b430d77e93becd3655cd6897230  greedy build 19  parity cfgs [56, 4, 6, 17, 20, 21, 22, 25, 27, 30]
  cfg  56: primary 4/4  all 259/259  isolated 4/4
  cfg   4: primary 4/4  all 259/259  isolated 1/4
  cfg   6: primary 4/4  all 259/259  isolated 4/4
  cfg  17: primary 4/4  all 259/259  isolated 3/4
  cfg  20: primary 4/4  all 259/259  isolated 3/4
  cfg  21: primary 4/4  all 259/259  isolated 4/4
  cfg  22: primary 4/4  all 259/259  isolated 3/4
  cfg  25: primary 4/4  all 259/259  isolated 0/4
  cfg  27: primary 4/4  all 259/259  isolated 2/4
  cfg  30: primary 4/4  all 259/259  isolated 3/4
  >4k: prompt 6034 tok, err=None, out 6 tok, 0.77 s
  response: '"Wretchedness"'
  sliding-window liveness: {'shipped': 2047, 'input': 'first 3000 / 1500 filler tokens, no template', 'max_abs_logit_diff_3000': 12.8125, 'argmax_same_3000': False, 'max_abs_logit_diff_1500_control': 0.0}
  parity primary 1.000 (n=40), all259 1.000, isolated 0.675; census {'n_prompts': 32375, 'max': 1024, 'p50': 60.0, 'p99': 945.0, 'n_gt_2047': 0, 'n_plus200_gt_2047': 0, 'n_gt_4096': 0, 'n_batches': 625, 'n_batches_max_gt_4096': 0, 'n_batches_max_plus200_gt_4096': 0}
[S0] wrote ./results/D026/s0.json; parity [1.0, 1.0]; STOP=False; wall 1084.3 s
=== end: Thu Oct  1 10:38:26 PM CDT 2026 ===
