=== node: c610-031.vista.tacc.utexas.edu start: Sat Oct  3 12:59:58 PM CDT 2026 ===
281 Please introduce yourself in two sentences.
282 Here's the translation and the explanation in three sentences:

**Translation:**

In three sentences, explain why the sk
283 Please introduce yourself in two sentences.
284 Here's the English translation:

"Explain why the sky is blue in three sentences."



Let me know if you'd like me to pr
285 Please introduce yourself in two sentences.
286 Here's the translation:

Explain in three sentences why the sky is blue.
287 Please introduce yourself in two sentences.
288 Here's a translation and explanation in three sentences:

**Translation:** Explain in three sentences why the sky is blu
289 Please introduce yourself in two sentences.



That's the most natural and accurate translation.
290 Here's the translation and explanation:

**Translation:**

"Explain in three sentences why the sky is blue."

**Explanat
291 Please introduce yourself in two sentences.
292 Here's the translation and explanation in three sentences:

**Translation:** Explain in three sentences why the sky is b
293 Please introduce yourself in two sentences.
294 Here's the translation and explanation in three sentences:

The sky appears blue because of a phenomenon called Rayleigh
295 Please introduce yourself in two sentences.
296 Here's the translation and explanation:

**Translation:**

"In three sentences, explain why the sky is blue."

**Explana
=== end: Sat Oct  3 01:01:58 PM CDT 2026 ===
